******************************************************************************
                  TI ARM Linker PC v20.2.7                     
******************************************************************************
>> Linked Sun Mar  3 19:40:41 2024

OUTPUT FILE NAME:   <lcdTest.out>
ENTRY POINT SYMBOL: "_c_int00_noargs"  address: 000006c1


MEMORY CONFIGURATION

         name            origin    length      used     unused   attr    fill
----------------------  --------  ---------  --------  --------  ----  --------
  FLASH                 00000000   00040000  0000072e  0003f8d2  R  X
  SRAM                  20000000   00008000  00000214  00007dec  RW X


SEGMENT ALLOCATION MAP

run origin  load origin   length   init length attrs members
----------  ----------- ---------- ----------- ----- -------
00000000    00000000    00000730   00000730    r-x
  00000000    00000000    0000026c   0000026c    r-- .intvecs
  0000026c    0000026c    000004aa   000004aa    r-x .text
  00000718    00000718    00000018   00000018    r-- .cinit
20000000    20000000    00000214   00000000    rw-
  20000000    20000000    00000200   00000000    rw- .stack
  20000200    20000200    00000014   00000000    rw- .data


SECTION ALLOCATION MAP

 output                                  attributes/
section   page    origin      length       input sections
--------  ----  ----------  ----------   ----------------
.intvecs   0    00000000    0000026c     
                  00000000    0000026c     tm4c123gh6pm_startup_ccs.obj (.intvecs)

.text      0    0000026c    000004aa     
                  0000026c    00000274     main.obj (.text)
                  000004e0    0000009c     rtsv7M4_T_le_v4SPD16_eabi.lib : memcpy_t2.asm.obj (.text)
                  0000057c    00000098     systick.obj (.text)
                  00000614    00000068     rtsv7M4_T_le_v4SPD16_eabi.lib : copy_decompress_lzss.c.obj (.text:decompress:lzss:__TI_decompress_lzss)
                  0000067c    00000044                                   : autoinit.c.obj (.text:__TI_auto_init_nobinit_nopinit:__TI_auto_init_nobinit_nopinit)
                  000006c0    00000034                                   : boot_cortex_m.c.obj (.text:_c_int00_noargs:_c_int00_noargs)
                  000006f4    0000000e                                   : copy_decompress_none.c.obj (.text:decompress:none:__TI_decompress_none)
                  00000702    0000000c     tm4c123gh6pm_startup_ccs.obj (.text)
                  0000070e    00000004     rtsv7M4_T_le_v4SPD16_eabi.lib : pre_init.c.obj (.text:_system_pre_init)
                  00000712    00000004                                   : exit.c.obj (.text:abort:abort)

.cinit     0    00000718    00000018     
                  00000718    00000008     (.cinit..data.load) [load image, compression = lzss]
                  00000720    00000008     (__TI_handler_table)
                  00000728    00000008     (__TI_cinit_table)

.init_array 
*          0    00000000    00000000     UNINITIALIZED

.data      0    20000200    00000014     UNINITIALIZED
                  20000200    00000010     main.obj (.data)
                  20000210    00000004     systick.obj (.data)

.stack     0    20000000    00000200     UNINITIALIZED
                  20000000    00000004     rtsv7M4_T_le_v4SPD16_eabi.lib : boot_cortex_m.c.obj (.stack)
                  20000004    000001fc     --HOLE--

__llvm_prf_cnts 
*          0    20000000    00000000     UNINITIALIZED

MODULE SUMMARY

       Module                         code   ro data   rw data
       ------                         ----   -------   -------
    .\
       main.obj                       628    0         16     
       tm4c123gh6pm_startup_ccs.obj   12     620       0      
       systick.obj                    152    0         4      
    +--+------------------------------+------+---------+---------+
       Total:                         792    620       20     
                                                              
    C:\ti\ccs1260\ccs\tools\compiler\ti-cgt-arm_20.2.7.LTS\lib\rtsv7M4_T_le_v4SPD16_eabi.lib
       memcpy_t2.asm.obj              156    0         0      
       copy_decompress_lzss.c.obj     104    0         0      
       autoinit.c.obj                 68     0         0      
       boot_cortex_m.c.obj            52     0         0      
       copy_decompress_none.c.obj     14     0         0      
       exit.c.obj                     4      0         0      
       pre_init.c.obj                 4      0         0      
    +--+------------------------------+------+---------+---------+
       Total:                         402    0         0      
                                                              
       Stack:                         0      0         512    
       Linker Generated:              0      24        0      
    +--+------------------------------+------+---------+---------+
       Grand Total:                   1194   644       532    


LINKER GENERATED COPY TABLES

__TI_cinit_table @ 00000728 records: 1, size/record: 8, table size: 8
	.data: load addr=00000718, load size=00000008 bytes, run addr=20000200, run size=00000014 bytes, compression=lzss


LINKER GENERATED HANDLER TABLE

__TI_handler_table @ 00000720 records: 2, size/record: 4, table size: 8
	index: 0, handler: __TI_decompress_lzss
	index: 1, handler: __TI_decompress_none


GLOBAL SYMBOLS: SORTED ALPHABETICALLY BY Name 

address   name                          
-------   ----                          
00000713  C$$EXIT                       
00000289  LCD_init                      
00000703  ResetISR                      
20000200  __STACK_END                   
00000200  __STACK_SIZE                  
20000200  __STACK_TOP                   
00000728  __TI_CINIT_Base               
00000730  __TI_CINIT_Limit              
00000720  __TI_Handler_Table_Base       
00000728  __TI_Handler_Table_Limit      
0000067d  __TI_auto_init_nobinit_nopinit
00000615  __TI_decompress_lzss          
000006f5  __TI_decompress_none          
ffffffff  __TI_pprof_out_hndl           
ffffffff  __TI_prof_data_size           
ffffffff  __TI_prof_data_start          
00000000  __TI_static_base__            
000004e1  __aeabi_memcpy                
000004e1  __aeabi_memcpy4               
000004e1  __aeabi_memcpy8               
ffffffff  __binit__                     
ffffffff  __c_args__                    
UNDEFED   __mpu_init                    
20000000  __stack                       
20000000  __start___llvm_prf_cnts       
20000000  __stop___llvm_prf_cnts        
000006c1  _c_int00_noargs               
000002d5  _lcd_pulse_enable_flag        
000002f5  _lcd_write                    
000002b1  _quick_delay                  
UNDEFED   _system_post_cinit            
0000070f  _system_pre_init              
00000713  abort                         
ffffffff  binit                         
20000200  blinkCounter                  
000005df  delay_ms                      
00000000  g_pfnVectors                  
2000020c  hours                         
00000587  init_systick                  
0000026d  lcd_write_cmd                 
00000339  lcd_write_data                
00000355  main                          
000004e1  memcpy                        
20000204  minutes                       
20000208  seconds                       
0000057d  systick_handler               
20000210  ticks                         


GLOBAL SYMBOLS: SORTED BY Symbol Address 

address   name                          
-------   ----                          
00000000  __TI_static_base__            
00000000  g_pfnVectors                  
00000200  __STACK_SIZE                  
0000026d  lcd_write_cmd                 
00000289  LCD_init                      
000002b1  _quick_delay                  
000002d5  _lcd_pulse_enable_flag        
000002f5  _lcd_write                    
00000339  lcd_write_data                
00000355  main                          
000004e1  __aeabi_memcpy                
000004e1  __aeabi_memcpy4               
000004e1  __aeabi_memcpy8               
000004e1  memcpy                        
0000057d  systick_handler               
00000587  init_systick                  
000005df  delay_ms                      
00000615  __TI_decompress_lzss          
0000067d  __TI_auto_init_nobinit_nopinit
000006c1  _c_int00_noargs               
000006f5  __TI_decompress_none          
00000703  ResetISR                      
0000070f  _system_pre_init              
00000713  C$$EXIT                       
00000713  abort                         
00000720  __TI_Handler_Table_Base       
00000728  __TI_CINIT_Base               
00000728  __TI_Handler_Table_Limit      
00000730  __TI_CINIT_Limit              
20000000  __stack                       
20000000  __start___llvm_prf_cnts       
20000000  __stop___llvm_prf_cnts        
20000200  __STACK_END                   
20000200  __STACK_TOP                   
20000200  blinkCounter                  
20000204  minutes                       
20000208  seconds                       
2000020c  hours                         
20000210  ticks                         
ffffffff  __TI_pprof_out_hndl           
ffffffff  __TI_prof_data_size           
ffffffff  __TI_prof_data_start          
ffffffff  __binit__                     
ffffffff  __c_args__                    
ffffffff  binit                         
UNDEFED   __mpu_init                    
UNDEFED   _system_post_cinit            

[47 symbols]
